<?xml version="1.0" encoding="UTF-8"?>
<testsuites name="jest tests" tests="3" failures="0" errors="0" time="2.358">
  <testsuite name="INTEGRATION TEST → POST /stores (createStore)" errors="0" failures="0" skipped="0" timestamp="2025-12-18T12:21:55" time="2.192" tests="3">
    <testcase classname="INTEGRATION TEST → POST /stores (createStore) ❌ missing required fields → 400" name="INTEGRATION TEST → POST /stores (createStore) ❌ missing required fields → 400" time="0.062">
    </testcase>
    <testcase classname="INTEGRATION TEST → POST /stores (createStore) ❌ invalid category → 400" name="INTEGRATION TEST → POST /stores (createStore) ❌ invalid category → 400" time="0.01">
    </testcase>
    <testcase classname="INTEGRATION TEST → POST /stores (createStore) ✅ creates store successfully" name="INTEGRATION TEST → POST /stores (createStore) ✅ creates store successfully" time="0.015">
    </testcase>
  </testsuite>
</testsuites>